2026-04-11 12:46:43,954 - INFO - 程序启动
2026-04-11 12:46:56,574 - INFO - 程序启动
2026-04-11 12:46:59,347 - INFO - 抽取结果: 葛昊哲
2026-04-11 12:47:02,208 - INFO - 抽取结果: 邱子炫
2026-04-11 12:47:03,789 - INFO - 抽取结果: 张尊涵
2026-04-11 12:47:04,613 - INFO - 抽取结果: 朱金迪
2026-04-11 12:47:05,119 - INFO - 抽取结果: 杨梓涵
2026-04-11 12:47:05,526 - INFO - 抽取结果: 匡蕊
2026-04-11 12:47:05,971 - INFO - 抽取结果: 顾歆漪
2026-04-11 12:47:06,417 - INFO - 抽取结果: 柳浩宇
2026-04-11 12:47:06,641 - INFO - 抽取结果: 彭一丁
2026-04-11 12:47:06,857 - INFO - 抽取结果: 王航
2026-04-11 12:47:07,051 - INFO - 抽取结果: 郑鹏宇
2026-04-11 12:47:07,241 - INFO - 抽取结果: 尹子益
2026-04-11 12:47:07,445 - INFO - 抽取结果: 汪雨希
2026-04-11 12:47:07,617 - INFO - 抽取结果: 徐浩喆
2026-04-11 12:47:07,813 - INFO - 抽取结果: 张逸凡
2026-04-11 12:47:07,993 - INFO - 抽取结果: 廖金海
2026-04-11 12:47:08,167 - INFO - 抽取结果: 王奕辰
2026-04-11 12:47:08,341 - INFO - 抽取结果: 王艺雅
2026-04-11 12:47:10,991 - INFO - 抽取结果: 鲁雨辰
2026-04-11 12:47:11,181 - INFO - 抽取结果: 罗涵月
2026-04-11 12:47:11,363 - INFO - 抽取结果: 顾纾嫣
2026-04-11 12:47:11,537 - INFO - 抽取结果: 荆睿
2026-04-11 12:47:11,861 - INFO - 抽取结果: 许昕冉
2026-04-11 12:47:12,044 - INFO - 抽取结果: 陈乐瑶
2026-04-11 12:47:12,211 - INFO - 抽取结果: 孙子轩
2026-04-11 12:47:12,399 - INFO - 抽取结果: 张媛萌
2026-04-11 12:47:13,949 - INFO - 抽取结果: 彭世豪
2026-04-11 12:47:14,299 - INFO - 抽取结果: 王子宸
2026-04-11 12:47:15,821 - INFO - 抽取结果: 编号 17 (朱金迪)
2026-04-11 12:47:16,014 - INFO - 抽取结果: 编号 48 (冯钰泽)
2026-04-11 12:47:16,212 - INFO - 抽取结果: 编号 54 (顾纾嫣)
2026-04-11 12:47:16,416 - INFO - 抽取结果: 编号 52 (葛昊哲)
2026-04-11 12:47:16,605 - INFO - 抽取结果: 编号 51 (陈乐瑶)
2026-04-11 12:47:16,804 - INFO - 抽取结果: 编号 17 (朱金迪)
2026-04-11 12:47:16,995 - INFO - 抽取结果: 编号 21 (张可悦)
2026-04-11 12:47:17,183 - INFO - 抽取结果: 编号 51 (陈乐瑶)
2026-04-11 12:47:17,373 - INFO - 抽取结果: 编号 19 (王航)
2026-04-11 13:13:23,561 - INFO - 程序启动
2026-04-11 13:24:56,397 - INFO - 程序启动
2026-04-11 13:24:59,008 - INFO - 抽取结果: 编号 30 (邱子炫)
2026-04-11 13:24:59,180 - INFO - 抽取结果: 编号 13 (罗涵月)
2026-04-11 13:24:59,351 - INFO - 抽取结果: 编号 5 (徐浩喆)
2026-04-11 13:25:09,532 - INFO - 抽取结果: 编号 17 (朱金迪)
2026-04-11 13:25:09,706 - INFO - 抽取结果: 编号 24 (周浩轩)
2026-04-11 13:25:09,886 - INFO - 抽取结果: 编号 22 (王东甫)
