2026-04-10 07:00:37,159 - INFO - 程序启动
2026-04-10 07:00:43,745 - INFO - 抽取结果: 王艺雅
2026-04-10 07:00:43,959 - INFO - 抽取结果: 汪雨希
2026-04-10 07:00:44,188 - INFO - 抽取结果: 徐浩喆
2026-04-10 07:00:44,407 - INFO - 抽取结果: 周浩轩
2026-04-10 07:00:44,612 - INFO - 抽取结果: 杨纯
2026-04-10 07:00:44,876 - INFO - 抽取结果: 王子宸
2026-04-10 07:00:45,092 - INFO - 抽取结果: 廖金海
2026-04-10 07:00:48,070 - INFO - 抽取结果: 14
2026-04-10 07:00:48,298 - INFO - 抽取结果: 42
2026-04-10 07:00:48,504 - INFO - 抽取结果: 14
2026-04-10 07:00:48,725 - INFO - 抽取结果: 27
2026-04-10 07:00:49,016 - INFO - 抽取结果: 39
2026-04-10 07:01:25,902 - INFO - 程序启动
2026-04-10 07:03:02,637 - INFO - 程序启动
2026-04-10 07:03:18,971 - INFO - 程序启动
2026-04-10 07:03:20,330 - INFO - 抽取结果: 陈梓桐
2026-04-10 07:03:20,515 - INFO - 抽取结果: 鲁雨辰
2026-04-10 07:03:20,679 - INFO - 抽取结果: 时婧漪
2026-04-10 07:03:20,841 - INFO - 抽取结果: 杨梓涵
2026-04-10 07:03:21,021 - INFO - 抽取结果: 彭一丁
2026-04-10 07:03:21,279 - INFO - 抽取结果: 孙子轩
2026-04-10 07:03:21,604 - INFO - 抽取结果: 王姝婷
2026-04-10 07:03:21,789 - INFO - 抽取结果: 潘玥
2026-04-10 07:03:21,949 - INFO - 抽取结果: 廖金海
2026-04-10 07:03:25,658 - INFO - 抽取结果: 33
2026-04-10 07:03:25,831 - INFO - 抽取结果: 42
2026-04-10 07:03:26,010 - INFO - 抽取结果: 4
2026-04-10 07:03:26,172 - INFO - 抽取结果: 37
2026-04-10 07:03:26,360 - INFO - 抽取结果: 16
2026-04-10 07:03:26,527 - INFO - 抽取结果: 39
2026-04-10 07:03:26,710 - INFO - 抽取结果: 24
2026-04-10 07:03:26,858 - INFO - 抽取结果: 22
2026-04-10 07:08:25,993 - INFO - 程序启动
2026-04-10 07:08:27,513 - INFO - 抽取结果: 周叙宏
2026-04-10 07:08:27,741 - INFO - 抽取结果: 杨纯
2026-04-10 07:08:27,953 - INFO - 抽取结果: 肖媛曦
2026-04-10 07:08:28,299 - INFO - 抽取结果: 吴悠然
2026-04-10 07:08:28,507 - INFO - 抽取结果: 王艺雅
2026-04-10 07:08:29,573 - INFO - 抽取结果: 编号 10 (张尊涵)
2026-04-10 07:08:29,818 - INFO - 抽取结果: 编号 11 (范子轩)
2026-04-10 07:08:30,020 - INFO - 抽取结果: 编号 1 (杨纯)
2026-04-10 07:08:30,239 - INFO - 抽取结果: 编号 26 (张媛萌)
2026-04-10 07:08:30,435 - INFO - 抽取结果: 编号 54 (顾纾嫣)
2026-04-10 07:08:30,625 - INFO - 抽取结果: 编号 51 (陈乐瑶)
2026-04-10 07:08:30,823 - INFO - 抽取结果: 编号 34 (张逸凡)
2026-04-10 07:08:31,004 - INFO - 抽取结果: 编号 19 (王航)
2026-04-10 07:08:43,272 - INFO - 程序启动
2026-04-10 07:08:45,947 - INFO - 抽取结果: 编号 32 (刘梓舒)
2026-04-10 07:08:46,129 - INFO - 抽取结果: 编号 36 (端彦哲)
2026-04-10 07:08:46,323 - INFO - 抽取结果: 编号 52 (葛昊哲)
